Running test 00_hash_map...                          PASS
Running test 00_hash_map_cpp...                      PASS
Running test 01_fail_allocations...                  PASS
Running test 01_fail_allocations_cpp...              PASS
Running test 01_fail_allocations_debug...            PASS
Running test 01_fail_allocations_debug_cpp...        PASS
Running test 02_memory_leaks...                      PASS
